   Compiling proc-macro2 v1.0.107
   Compiling quote v1.0.47
   Compiling unicode-ident v1.0.24
   Compiling cfg-if v1.0.4
   Compiling bitflags v2.13.1
   Compiling log v0.4.34
   Compiling libloading v0.8.9
   Compiling once_cell v1.21.4
   Compiling pkg-config v0.3.34
   Compiling rustix v1.1.4
   Compiling dlib v0.5.3
   Compiling cfg_aliases v0.2.2
   Compiling wayland-sys v0.31.11
   Compiling libc v0.2.189
   Compiling smallvec v1.15.2
   Compiling linux-raw-sys v0.12.1
   Compiling shlex v2.0.1
   Compiling find-msvc-tools v0.1.11
   Compiling foldhash v0.2.0
   Compiling downcast-rs v1.2.1
   Compiling equivalent v1.0.2
   Compiling zerocopy v0.8.56
   Compiling cc v1.4.4
   Compiling syn v3.0.4
   Compiling syn v2.0.119
   Compiling wayland-backend v0.3.17
   Compiling bytemuck_derive v1.12.0
   Compiling memchr v2.8.3
   Compiling autocfg v1.5.1
   Compiling libm v0.2.16
   Compiling thiserror v2.0.20
   Compiling scoped-tls v1.0.1
   Compiling quick-xml v0.41.0
   Compiling bytemuck v1.25.2
   Compiling num-traits v0.2.19
   Compiling zerocopy-derive v0.8.56
   Compiling thiserror-impl v2.0.20
   Compiling wayland-client v0.31.15
   Compiling wayland-scanner v0.31.11
   Compiling hashbrown v0.17.1
   Compiling arrayvec v0.7.8
   Compiling rustc-hash v1.1.0
   Compiling naga v30.0.1
   Compiling indexmap v2.14.0
   Compiling bit-vec v0.9.1
   Compiling naga-types v30.0.1
   Compiling unicode-width v0.2.2
   Compiling ash v0.38.0+1.3.281
   Compiling raw-window-handle v0.6.2
   Compiling rustix v0.38.44
   Compiling thiserror v1.0.69
   Compiling parking_lot_core v0.9.12
   Compiling codespan-reporting v0.13.1
   Compiling bit-set v0.10.0
   Compiling thiserror-impl v1.0.69
   Compiling spirv v0.4.0+sdk-1.4.341.0
   Compiling linux-raw-sys v0.4.15
   Compiling half v2.7.1
   Compiling serde_core v1.0.229
   Compiling khronos-egl v6.0.0
   Compiling allocator-api2 v0.2.21
   Compiling static_assertions v1.1.0
   Compiling scopeguard v1.2.0
   Compiling hashbrown v0.16.1
   Compiling wgpu-types v30.0.1
   Compiling lock_api v0.4.14
   Compiling wayland-protocols v0.32.13
   Compiling polling v3.11.0
   Compiling wgpu-hal v30.0.1
   Compiling presser v0.3.1
   Compiling slab v0.4.12
   Compiling parking_lot v0.12.5
   Compiling calloop v0.13.0
   Compiling aho-corasick v1.1.5
   Compiling ordered-float v5.5.0
   Compiling wgpu-naga-bridge v30.0.1
   Compiling xkeysym v0.2.1
   Compiling renderdoc-sys v1.1.0
   Compiling getrandom v0.3.4
   Compiling version_check v0.9.5
   Compiling profiling v1.0.18
   Compiling ttf-parser v0.25.1
   Compiling arrayref v0.3.9
   Compiling xcursor v0.3.11
   Compiling strict-num v0.1.1
   Compiling cursor-icon v1.2.0
   Compiling glow v0.17.0
   Compiling regex-syntax v0.8.11
   Compiling smithay-client-toolkit v0.19.2
   Compiling wayland-csd-frame v0.3.0
   Compiling owned_ttf_parser v0.25.1
   Compiling tiny-skia-path v0.11.4
   Compiling wayland-cursor v0.31.14
   Compiling regex-automata v0.4.18
   Compiling ahash v0.8.12
   Compiling calloop-wayland-source v0.3.0
   Compiling wayland-protocols-wlr v0.3.12
   Compiling memmap2 v0.9.11
   Compiling wgpu-core v30.0.1
   Compiling x11-dl v2.21.0
   Compiling litrs v1.0.0
   Compiling utf8parse v0.2.2
   Compiling ab_glyph_rasterizer v0.1.10
   Compiling document-features v0.2.12
   Compiling anstyle-parse v1.0.0
   Compiling ab_glyph v0.2.32
   Compiling regex v1.13.1
   Compiling tiny-skia v0.11.4
   Compiling gethostname v1.1.0
   Compiling wgpu v30.0.1
   Compiling winit v0.30.13
   Compiling pin-project-lite v0.2.17
   Compiling anstyle v1.0.14
   Compiling serde v1.0.229
   Compiling tracing-core v0.1.36
   Compiling x11rb-protocol v0.13.2
   Compiling winnow v1.0.4
   Compiling colorchoice v1.0.5
   Compiling as-raw-xcb-connection v1.0.1
   Compiling jiff-core v0.1.0
   Compiling anstyle-query v1.1.5
   Compiling is_terminal_polyfill v1.70.2
   Compiling toml_parser v1.1.3+spec-1.1.0
   Compiling anstream v1.0.0
   Compiling tracing v0.1.44
   Compiling jiff v0.2.35
   Compiling sctk-adwaita v0.10.1
   Compiling env_filter v2.0.0
   Compiling xkbcommon-dl v0.4.2
   Compiling serde_spanned v1.1.1
   Compiling toml_datetime v0.7.5+spec-1.1.0
   Compiling wayland-protocols-plasma v0.3.12
   Compiling serde_derive v1.0.229
   Compiling dpi v0.1.2
   Compiling smol_str v0.2.2
   Compiling winnow v0.7.15
   Compiling percent-encoding v2.3.2
   Compiling x11rb v0.13.2
   Compiling env_logger v0.11.11
   Compiling web-time v1.1.0
   Compiling pollster v1.0.1
   Compiling toml v0.9.12+spec-1.1.0
   Compiling font8x8 v0.3.1
   Compiling gpu-allocator v0.28.0
   Compiling wgpu-core-deps-windows-linux-android v30.0.1
   Compiling lightherder v0.1.0 (/home/bot/.cache/botq-wt/2955)
    Finished `release` profile [optimized] target(s) in 20.63s
